// Jest Snapshot v1, https://goo.gl/fbAQLP

exports[`prod configuration should load correct configuration: config-keys 1`] = `
Array [
  "configTag",
  "authsome.isPublic",
  "authsome.mode",
  "validations",
  "pubsweet.components",
  "pubsweet-server.db",
  "pubsweet-server.port",
  "pubsweet-server.logger",
  "pubsweet-server.uploads",
  "pubsweet-server.enableExperimentalGraphql",
  "pubsweet-server.morganLogFormat",
  "pubsweet-server.secret",
  "pubsweet-client.isPublic",
  "pubsweet-client.API_ENDPOINT",
  "pubsweet-client.login-redirect",
  "git.sha",
  "git.ref",
  "server.api.secret",
  "server.api.url",
  "client.isPublic",
  "client.majorSubjectAreas.biochemistry-chemical-biology",
  "client.majorSubjectAreas.cancer-biology",
  "client.majorSubjectAreas.cell-biology",
  "client.majorSubjectAreas.chromosomes-gene-expression",
  "client.majorSubjectAreas.computational-systems-biology",
  "client.majorSubjectAreas.developmental-biology",
  "client.majorSubjectAreas.ecology",
  "client.majorSubjectAreas.epidemiology-global-health",
  "client.majorSubjectAreas.evolutionary-biology",
  "client.majorSubjectAreas.genetics-genomics",
  "client.majorSubjectAreas.human-biology-medicine",
  "client.majorSubjectAreas.immunology-inflammation",
  "client.majorSubjectAreas.microbiology-infectious-disease",
  "client.majorSubjectAreas.neuroscience",
  "client.majorSubjectAreas.physics-living-systems",
  "client.majorSubjectAreas.plant-biology",
  "client.majorSubjectAreas.stem-cells-and-regenerative-medicine",
  "client.majorSubjectAreas.structural-biology-molecular-biophysics",
  "login.isPublic",
  "login.url",
  "login.enableMock",
  "login.signupUrl",
  "login.legacySubmissionUrl",
  "logout.isPublic",
  "logout.redirectUrl",
  "mailer.from",
  "mailer.path",
  "aws.credentials.region",
  "aws.credentials.accessKeyId",
  "aws.credentials.secretAccessKey",
  "aws.s3.s3ForcePathStyle",
  "aws.s3.params.Bucket",
  "meca.s3.remotePath",
  "meca.s3.disableUpload",
  "meca.sftp.connectionOptions.host",
  "meca.sftp.connectionOptions.port",
  "meca.sftp.connectionOptions.username",
  "meca.sftp.connectionOptions.password",
  "meca.sftp.remotePath",
  "meca.sftp.disableUpload",
  "meca.apiKey",
  "meca.email.recipient",
  "meca.email.sender",
  "meca.email.subjectPrefix",
  "scienceBeam.url",
  "scienceBeam.timeoutMs",
  "fileUpload.isPublic",
  "fileUpload.maxSizeMB",
  "newrelic.isPublic",
  "newrelic.licenseKey",
  "newrelic.applicationID",
  "googleAnalytics.isPublic",
  "googleAnalytics.trackingId",
  "hotJar.isPublic",
  "hotJar.enabled",
  "hotJar.snippetVersion",
  "hotJar.id",
  "titles.isPublic",
  "titles.",
  "titles.author-guide",
  "titles.reviewer-guide",
  "titles.contact-us",
  "titles.login",
  "titles.submit",
]
`;
