// Jest Snapshot v1, https://goo.gl/fbAQLP

exports[`MECA integration test when generating an archive should contain the correct files 1`] = `
Object {
  "article.xml": Any<Number>,
  "cover_letter.html": 533,
  "disclosure.pdf": Any<Number>,
  "manifest.xml": 1510,
  "manuscript.pdf": 14,
  "transfer.xml": 1951,
}
`;
